Archive member included because of file (symbol)

c:/users/esc/desktop/tools/sdk/imt_sdk_win_64/imt_sdk_win_64/winavr/bin/../lib/gcc/avr/4.3.3/avr5\libgcc.a(_udivmodhi4.o)
                              ./RTOS.o (__udivmodhi4)
c:/users/esc/desktop/tools/sdk/imt_sdk_win_64/imt_sdk_win_64/winavr/bin/../lib/gcc/avr/4.3.3/avr5\libgcc.a(_exit.o)
                              c:/users/esc/desktop/tools/sdk/imt_sdk_win_64/imt_sdk_win_64/winavr/bin/../lib/gcc/avr/4.3.3/../../../../avr/lib/avr5/crtm32.o (exit)
c:/users/esc/desktop/tools/sdk/imt_sdk_win_64/imt_sdk_win_64/winavr/bin/../lib/gcc/avr/4.3.3/avr5\libgcc.a(_clear_bss.o)
                              ./EXTI_PROG.o (__do_clear_bss)

Allocating common symbols
Common symbol       size              file

INT0_CallBack       0x2               ./EXTI_PROG.o
TIMER0_CallBack     0x2               ./TIMER_PROG.o
systask             0xc               ./RTOS.o

Memory Configuration

Name             Origin             Length             Attributes
text             0x00000000         0x00020000         xr
data             0x00800060         0x0000ffa0         rw !x
eeprom           0x00810000         0x00010000         rw !x
fuse             0x00820000         0x00000400         rw !x
lock             0x00830000         0x00000400         rw !x
signature        0x00840000         0x00000400         rw !x
*default*        0x00000000         0xffffffff

Linker script and memory map

LOAD c:/users/esc/desktop/tools/sdk/imt_sdk_win_64/imt_sdk_win_64/winavr/bin/../lib/gcc/avr/4.3.3/../../../../avr/lib/avr5/crtm32.o
LOAD ./DIO_PROG.o
LOAD ./EXTI_PROG.o
LOAD ./RTOS.o
LOAD ./TIMER_PROG.o
LOAD ./main.o
LOAD c:/users/esc/desktop/tools/sdk/imt_sdk_win_64/imt_sdk_win_64/winavr/bin/../lib/gcc/avr/4.3.3/avr5\libgcc.a
LOAD c:/users/esc/desktop/tools/sdk/imt_sdk_win_64/imt_sdk_win_64/winavr/bin/../lib/gcc/avr/4.3.3/../../../../avr/lib/avr5\libc.a
LOAD c:/users/esc/desktop/tools/sdk/imt_sdk_win_64/imt_sdk_win_64/winavr/bin/../lib/gcc/avr/4.3.3/avr5\libgcc.a

.hash
 *(.hash)

.dynsym
 *(.dynsym)

.dynstr
 *(.dynstr)

.gnu.version
 *(.gnu.version)

.gnu.version_d
 *(.gnu.version_d)

.gnu.version_r
 *(.gnu.version_r)

.rel.init
 *(.rel.init)

.rela.init
 *(.rela.init)

.rel.text
 *(.rel.text)
 *(.rel.text.*)
 *(.rel.gnu.linkonce.t*)

.rela.text
 *(.rela.text)
 *(.rela.text.*)
 *(.rela.gnu.linkonce.t*)

.rel.fini
 *(.rel.fini)

.rela.fini
 *(.rela.fini)

.rel.rodata
 *(.rel.rodata)
 *(.rel.rodata.*)
 *(.rel.gnu.linkonce.r*)

.rela.rodata
 *(.rela.rodata)
 *(.rela.rodata.*)
 *(.rela.gnu.linkonce.r*)

.rel.data
 *(.rel.data)
 *(.rel.data.*)
 *(.rel.gnu.linkonce.d*)

.rela.data
 *(.rela.data)
 *(.rela.data.*)
 *(.rela.gnu.linkonce.d*)

.rel.ctors
 *(.rel.ctors)

.rela.ctors
 *(.rela.ctors)

.rel.dtors
 *(.rel.dtors)

.rela.dtors
 *(.rela.dtors)

.rel.got
 *(.rel.got)

.rela.got
 *(.rela.got)

.rel.bss
 *(.rel.bss)

.rela.bss
 *(.rela.bss)

.rel.plt
 *(.rel.plt)

.rela.plt
 *(.rela.plt)

.text           0x00000000      0xc2e
 *(.vectors)
 .vectors       0x00000000       0x54 c:/users/esc/desktop/tools/sdk/imt_sdk_win_64/imt_sdk_win_64/winavr/bin/../lib/gcc/avr/4.3.3/../../../../avr/lib/avr5/crtm32.o
                0x00000000                __vectors
                0x00000000                __vector_default
 *(.vectors)
 *(.progmem.gcc*)
 *(.progmem*)
                0x00000054                . = ALIGN (0x2)
                0x00000054                __trampolines_start = .
 *(.trampolines)
 .trampolines   0x00000054        0x0 linker stubs
 *(.trampolines*)
                0x00000054                __trampolines_end = .
 *(.jumptables)
 *(.jumptables*)
 *(.lowtext)
 *(.lowtext*)
                0x00000054                __ctors_start = .
 *(.ctors)
                0x00000054                __ctors_end = .
                0x00000054                __dtors_start = .
 *(.dtors)
                0x00000054                __dtors_end = .
 SORT(*)(.ctors)
 SORT(*)(.dtors)
 *(.init0)
 .init0         0x00000054        0x0 c:/users/esc/desktop/tools/sdk/imt_sdk_win_64/imt_sdk_win_64/winavr/bin/../lib/gcc/avr/4.3.3/../../../../avr/lib/avr5/crtm32.o
                0x00000054                __init
 *(.init0)
 *(.init1)
 *(.init1)
 *(.init2)
 .init2         0x00000054        0xc c:/users/esc/desktop/tools/sdk/imt_sdk_win_64/imt_sdk_win_64/winavr/bin/../lib/gcc/avr/4.3.3/../../../../avr/lib/avr5/crtm32.o
 *(.init2)
 *(.init3)
 *(.init3)
 *(.init4)
 .init4         0x00000060       0x10 c:/users/esc/desktop/tools/sdk/imt_sdk_win_64/imt_sdk_win_64/winavr/bin/../lib/gcc/avr/4.3.3/avr5\libgcc.a(_clear_bss.o)
                0x00000060                __do_clear_bss
 *(.init4)
 *(.init5)
 *(.init5)
 *(.init6)
 *(.init6)
 *(.init7)
 *(.init7)
 *(.init8)
 *(.init8)
 *(.init9)
 .init9         0x00000070        0x8 c:/users/esc/desktop/tools/sdk/imt_sdk_win_64/imt_sdk_win_64/winavr/bin/../lib/gcc/avr/4.3.3/../../../../avr/lib/avr5/crtm32.o
 *(.init9)
 *(.text)
 .text          0x00000078        0x4 c:/users/esc/desktop/tools/sdk/imt_sdk_win_64/imt_sdk_win_64/winavr/bin/../lib/gcc/avr/4.3.3/../../../../avr/lib/avr5/crtm32.o
                0x00000078                __vector_1
                0x00000078                __vector_12
                0x00000078                __bad_interrupt
                0x00000078                __vector_6
                0x00000078                __vector_3
                0x00000078                __vector_11
                0x00000078                __vector_13
                0x00000078                __vector_17
                0x00000078                __vector_19
                0x00000078                __vector_7
                0x00000078                __vector_5
                0x00000078                __vector_4
                0x00000078                __vector_9
                0x00000078                __vector_2
                0x00000078                __vector_15
                0x00000078                __vector_8
                0x00000078                __vector_14
                0x00000078                __vector_16
                0x00000078                __vector_18
                0x00000078                __vector_20
 .text          0x0000007c        0x0 ./DIO_PROG.o
 .text          0x0000007c        0x0 ./EXTI_PROG.o
 .text          0x0000007c        0x0 ./RTOS.o
 .text          0x0000007c        0x0 ./TIMER_PROG.o
 .text          0x0000007c        0x0 ./main.o
 .text          0x0000007c        0x0 c:/users/esc/desktop/tools/sdk/imt_sdk_win_64/imt_sdk_win_64/winavr/bin/../lib/gcc/avr/4.3.3/avr5\libgcc.a(_udivmodhi4.o)
 .text          0x0000007c        0x0 c:/users/esc/desktop/tools/sdk/imt_sdk_win_64/imt_sdk_win_64/winavr/bin/../lib/gcc/avr/4.3.3/avr5\libgcc.a(_exit.o)
 .text          0x0000007c        0x0 c:/users/esc/desktop/tools/sdk/imt_sdk_win_64/imt_sdk_win_64/winavr/bin/../lib/gcc/avr/4.3.3/avr5\libgcc.a(_clear_bss.o)
                0x0000007c                . = ALIGN (0x2)
 *(.text.*)
 .text.DIO_SetPinValue
                0x0000007c      0x200 ./DIO_PROG.o
                0x0000007c                DIO_SetPinValue
 .text.DIO_SetPinDirection
                0x0000027c      0x202 ./DIO_PROG.o
                0x0000027c                DIO_SetPinDirection
 .text.DIO_GetPinValue
                0x0000047e       0xf2 ./DIO_PROG.o
                0x0000047e                DIO_GetPinValue
 .text.DIO_SetPortDirection
                0x00000570       0xf0 ./DIO_PROG.o
                0x00000570                DIO_SetPortDirection
 .text.DIO_SetPortValue
                0x00000660       0x82 ./DIO_PROG.o
                0x00000660                DIO_SetPortValue
 .text.EXIT_voidInt1Init
                0x000006e2       0x38 ./EXTI_PROG.o
                0x000006e2                EXIT_voidInt1Init
 .text.EXIT_voidInt0Init
                0x0000071a       0x38 ./EXTI_PROG.o
                0x0000071a                EXIT_voidInt0Init
 .text.EXIT_voidInt00Init
                0x00000752       0x38 ./EXTI_PROG.o
                0x00000752                EXIT_voidInt00Init
 .text.EXIT_voidInt2Init
                0x0000078a       0x38 ./EXTI_PROG.o
                0x0000078a                EXIT_voidInt2Init
 .text.INT_voidEnableGlobal
                0x000007c2       0x1c ./EXTI_PROG.o
                0x000007c2                INT_voidEnableGlobal
 .text.INT_voidDisableGlobal
                0x000007de       0x1c ./EXTI_PROG.o
                0x000007de                INT_voidDisableGlobal
 .text.EXTI_INT0SetCallBack
                0x000007fa       0x24 ./EXTI_PROG.o
                0x000007fa                EXTI_INT0SetCallBack
 .text.RTOS_voidCreateTask
                0x0000081e       0x62 ./RTOS.o
                0x0000081e                RTOS_voidCreateTask
 .text.RTOS_voidScheduler
                0x00000880       0x7e ./RTOS.o
                0x00000880                RTOS_voidScheduler
 .text.Timer0_voidINit
                0x000008fe       0x6a ./TIMER_PROG.o
                0x000008fe                Timer0_voidINit
 .text.Timer0_voidClockINit
                0x00000968       0x68 ./TIMER_PROG.o
                0x00000968                Timer0_voidClockINit
 .text.Timer0_voidINitCTC
                0x000009d0       0x86 ./TIMER_PROG.o
                0x000009d0                Timer0_voidINitCTC
 .text.Timer0_voidINitPWM
                0x00000a56       0x78 ./TIMER_PROG.o
                0x00000a56                Timer0_voidINitPWM
 .text.EXTI_Timer0SetCallBack
                0x00000ace       0x24 ./TIMER_PROG.o
                0x00000ace                EXTI_Timer0SetCallBack
 .text.main     0x00000af2       0x4a ./main.o
                0x00000af2                main
 .text.LED1     0x00000b3c       0x18 ./main.o
                0x00000b3c                LED1
 .text.LED2     0x00000b54       0x18 ./main.o
                0x00000b54                LED2
 .text.LED3     0x00000b6c       0x18 ./main.o
                0x00000b6c                LED3
 .text.__vector_10
                0x00000b84       0x7e ./main.o
                0x00000b84                __vector_10
 .text.libgcc   0x00000c02       0x28 c:/users/esc/desktop/tools/sdk/imt_sdk_win_64/imt_sdk_win_64/winavr/bin/../lib/gcc/avr/4.3.3/avr5\libgcc.a(_udivmodhi4.o)
                0x00000c02                __udivmodhi4
 .text.libgcc   0x00000c2a        0x0 c:/users/esc/desktop/tools/sdk/imt_sdk_win_64/imt_sdk_win_64/winavr/bin/../lib/gcc/avr/4.3.3/avr5\libgcc.a(_exit.o)
 .text.libgcc   0x00000c2a        0x0 c:/users/esc/desktop/tools/sdk/imt_sdk_win_64/imt_sdk_win_64/winavr/bin/../lib/gcc/avr/4.3.3/avr5\libgcc.a(_clear_bss.o)
                0x00000c2a                . = ALIGN (0x2)
 *(.fini9)
 .fini9         0x00000c2a        0x0 c:/users/esc/desktop/tools/sdk/imt_sdk_win_64/imt_sdk_win_64/winavr/bin/../lib/gcc/avr/4.3.3/avr5\libgcc.a(_exit.o)
                0x00000c2a                exit
                0x00000c2a                _exit
 *(.fini9)
 *(.fini8)
 *(.fini8)
 *(.fini7)
 *(.fini7)
 *(.fini6)
 *(.fini6)
 *(.fini5)
 *(.fini5)
 *(.fini4)
 *(.fini4)
 *(.fini3)
 *(.fini3)
 *(.fini2)
 *(.fini2)
 *(.fini1)
 *(.fini1)
 *(.fini0)
 .fini0         0x00000c2a        0x4 c:/users/esc/desktop/tools/sdk/imt_sdk_win_64/imt_sdk_win_64/winavr/bin/../lib/gcc/avr/4.3.3/avr5\libgcc.a(_exit.o)
 *(.fini0)
                0x00000c2e                _etext = .

.data           0x00800060        0x0 load address 0x00000c2e
                0x00800060                PROVIDE (__data_start, .)
 *(.data)
 .data          0x00800060        0x0 c:/users/esc/desktop/tools/sdk/imt_sdk_win_64/imt_sdk_win_64/winavr/bin/../lib/gcc/avr/4.3.3/../../../../avr/lib/avr5/crtm32.o
 .data          0x00800060        0x0 ./DIO_PROG.o
 .data          0x00800060        0x0 ./EXTI_PROG.o
 .data          0x00800060        0x0 ./RTOS.o
 .data          0x00800060        0x0 ./TIMER_PROG.o
 .data          0x00800060        0x0 ./main.o
 .data          0x00800060        0x0 c:/users/esc/desktop/tools/sdk/imt_sdk_win_64/imt_sdk_win_64/winavr/bin/../lib/gcc/avr/4.3.3/avr5\libgcc.a(_udivmodhi4.o)
 .data          0x00800060        0x0 c:/users/esc/desktop/tools/sdk/imt_sdk_win_64/imt_sdk_win_64/winavr/bin/../lib/gcc/avr/4.3.3/avr5\libgcc.a(_exit.o)
 .data          0x00800060        0x0 c:/users/esc/desktop/tools/sdk/imt_sdk_win_64/imt_sdk_win_64/winavr/bin/../lib/gcc/avr/4.3.3/avr5\libgcc.a(_clear_bss.o)
 *(.data*)
 *(.rodata)
 *(.rodata*)
 *(.gnu.linkonce.d*)
                0x00800060                . = ALIGN (0x2)
                0x00800060                _edata = .
                0x00800060                PROVIDE (__data_end, .)

.bss            0x00800060       0x14
                0x00800060                PROVIDE (__bss_start, .)
 *(.bss)
 .bss           0x00800060        0x0 c:/users/esc/desktop/tools/sdk/imt_sdk_win_64/imt_sdk_win_64/winavr/bin/../lib/gcc/avr/4.3.3/../../../../avr/lib/avr5/crtm32.o
 .bss           0x00800060        0x0 ./DIO_PROG.o
 .bss           0x00800060        0x0 ./EXTI_PROG.o
 .bss           0x00800060        0x0 ./RTOS.o
 .bss           0x00800060        0x0 ./TIMER_PROG.o
 .bss           0x00800060        0x0 ./main.o
 .bss           0x00800060        0x0 c:/users/esc/desktop/tools/sdk/imt_sdk_win_64/imt_sdk_win_64/winavr/bin/../lib/gcc/avr/4.3.3/avr5\libgcc.a(_udivmodhi4.o)
 .bss           0x00800060        0x0 c:/users/esc/desktop/tools/sdk/imt_sdk_win_64/imt_sdk_win_64/winavr/bin/../lib/gcc/avr/4.3.3/avr5\libgcc.a(_exit.o)
 .bss           0x00800060        0x0 c:/users/esc/desktop/tools/sdk/imt_sdk_win_64/imt_sdk_win_64/winavr/bin/../lib/gcc/avr/4.3.3/avr5\libgcc.a(_clear_bss.o)
 *(.bss*)
 .bss.counter.1211
                0x00800060        0x2 ./RTOS.o
 .bss.counter.1288
                0x00800062        0x2 ./main.o
 *(COMMON)
 COMMON         0x00800064        0x2 ./EXTI_PROG.o
                0x00800064                INT0_CallBack
 COMMON         0x00800066        0xc ./RTOS.o
                0x00800066                systask
 COMMON         0x00800072        0x2 ./TIMER_PROG.o
                0x00800072                TIMER0_CallBack
                0x00800074                PROVIDE (__bss_end, .)
                0x00000c2e                __data_load_start = LOADADDR (.data)
                0x00000c2e                __data_load_end = (__data_load_start + SIZEOF (.data))

.noinit         0x00800074        0x0
                0x00800074                PROVIDE (__noinit_start, .)
 *(.noinit*)
                0x00800074                PROVIDE (__noinit_end, .)
                0x00800074                _end = .
                0x00800074                PROVIDE (__heap_start, .)

.eeprom         0x00810000        0x0
 *(.eeprom*)
                0x00810000                __eeprom_end = .

.fuse
 *(.fuse)
 *(.lfuse)
 *(.hfuse)
 *(.efuse)

.lock
 *(.lock*)

.signature
 *(.signature*)

.stab           0x00000000      0xffc
 *(.stab)
 .stab          0x00000000      0x4f8 ./DIO_PROG.o
 .stab          0x000004f8      0x2ac ./EXTI_PROG.o
                                0x324 (size before relaxing)
 .stab          0x000007a4      0x27c ./RTOS.o
                                0x288 (size before relaxing)
 .stab          0x00000a20      0x348 ./TIMER_PROG.o
                                0x3c0 (size before relaxing)
 .stab          0x00000d68      0x294 ./main.o
                                0x324 (size before relaxing)

.stabstr        0x00000000      0x830
 *(.stabstr)
 .stabstr       0x00000000      0x830 ./DIO_PROG.o

.stab.excl
 *(.stab.excl)

.stab.exclstr
 *(.stab.exclstr)

.stab.index
 *(.stab.index)

.stab.indexstr
 *(.stab.indexstr)

.comment
 *(.comment)

.debug
 *(.debug)

.line
 *(.line)

.debug_srcinfo
 *(.debug_srcinfo)

.debug_sfnames
 *(.debug_sfnames)

.debug_aranges
 *(.debug_aranges)

.debug_pubnames
 *(.debug_pubnames)

.debug_info
 *(.debug_info)
 *(.gnu.linkonce.wi.*)

.debug_abbrev
 *(.debug_abbrev)

.debug_line
 *(.debug_line)

.debug_frame
 *(.debug_frame)

.debug_str
 *(.debug_str)

.debug_loc
 *(.debug_loc)

.debug_macinfo
 *(.debug_macinfo)
OUTPUT(RTOS.elf elf32-avr)
LOAD linker stubs
